Archive member included because of file (symbol)

c:/users/cwur1081/desktop/dane/mirek/moje/programy/atmel toolchain/avr8 gcc/native/3.4.1061/avr8-gnu-toolchain/bin/../lib/gcc/avr/4.8.1/../../../../avr/lib/avr5\libm.a(divsf3.o)
                              Input Capture/Compute_RPM.o (__divsf3)
c:/users/cwur1081/desktop/dane/mirek/moje/programy/atmel toolchain/avr8 gcc/native/3.4.1061/avr8-gnu-toolchain/bin/../lib/gcc/avr/4.8.1/../../../../avr/lib/avr5\libm.a(divsf3x.o)
                              c:/users/cwur1081/desktop/dane/mirek/moje/programy/atmel toolchain/avr8 gcc/native/3.4.1061/avr8-gnu-toolchain/bin/../lib/gcc/avr/4.8.1/../../../../avr/lib/avr5\libm.a(divsf3.o) (__divsf3x)
c:/users/cwur1081/desktop/dane/mirek/moje/programy/atmel toolchain/avr8 gcc/native/3.4.1061/avr8-gnu-toolchain/bin/../lib/gcc/avr/4.8.1/../../../../avr/lib/avr5\libm.a(fixsfsi.o)
                              Input Capture/Compute_RPM.o (__fixsfsi)
c:/users/cwur1081/desktop/dane/mirek/moje/programy/atmel toolchain/avr8 gcc/native/3.4.1061/avr8-gnu-toolchain/bin/../lib/gcc/avr/4.8.1/../../../../avr/lib/avr5\libm.a(fixunssfsi.o)
                              c:/users/cwur1081/desktop/dane/mirek/moje/programy/atmel toolchain/avr8 gcc/native/3.4.1061/avr8-gnu-toolchain/bin/../lib/gcc/avr/4.8.1/../../../../avr/lib/avr5\libm.a(fixsfsi.o) (__fixunssfsi)
c:/users/cwur1081/desktop/dane/mirek/moje/programy/atmel toolchain/avr8 gcc/native/3.4.1061/avr8-gnu-toolchain/bin/../lib/gcc/avr/4.8.1/../../../../avr/lib/avr5\libm.a(floatsisf.o)
                              Input Capture/Compute_RPM.o (__floatunsisf)
c:/users/cwur1081/desktop/dane/mirek/moje/programy/atmel toolchain/avr8 gcc/native/3.4.1061/avr8-gnu-toolchain/bin/../lib/gcc/avr/4.8.1/../../../../avr/lib/avr5\libm.a(fp_inf.o)
                              c:/users/cwur1081/desktop/dane/mirek/moje/programy/atmel toolchain/avr8 gcc/native/3.4.1061/avr8-gnu-toolchain/bin/../lib/gcc/avr/4.8.1/../../../../avr/lib/avr5\libm.a(divsf3x.o) (__fp_inf)
c:/users/cwur1081/desktop/dane/mirek/moje/programy/atmel toolchain/avr8 gcc/native/3.4.1061/avr8-gnu-toolchain/bin/../lib/gcc/avr/4.8.1/../../../../avr/lib/avr5\libm.a(fp_nan.o)
                              c:/users/cwur1081/desktop/dane/mirek/moje/programy/atmel toolchain/avr8 gcc/native/3.4.1061/avr8-gnu-toolchain/bin/../lib/gcc/avr/4.8.1/../../../../avr/lib/avr5\libm.a(divsf3x.o) (__fp_nan)
c:/users/cwur1081/desktop/dane/mirek/moje/programy/atmel toolchain/avr8 gcc/native/3.4.1061/avr8-gnu-toolchain/bin/../lib/gcc/avr/4.8.1/../../../../avr/lib/avr5\libm.a(fp_pscA.o)
                              c:/users/cwur1081/desktop/dane/mirek/moje/programy/atmel toolchain/avr8 gcc/native/3.4.1061/avr8-gnu-toolchain/bin/../lib/gcc/avr/4.8.1/../../../../avr/lib/avr5\libm.a(divsf3x.o) (__fp_pscA)
c:/users/cwur1081/desktop/dane/mirek/moje/programy/atmel toolchain/avr8 gcc/native/3.4.1061/avr8-gnu-toolchain/bin/../lib/gcc/avr/4.8.1/../../../../avr/lib/avr5\libm.a(fp_pscB.o)
                              c:/users/cwur1081/desktop/dane/mirek/moje/programy/atmel toolchain/avr8 gcc/native/3.4.1061/avr8-gnu-toolchain/bin/../lib/gcc/avr/4.8.1/../../../../avr/lib/avr5\libm.a(divsf3x.o) (__fp_pscB)
c:/users/cwur1081/desktop/dane/mirek/moje/programy/atmel toolchain/avr8 gcc/native/3.4.1061/avr8-gnu-toolchain/bin/../lib/gcc/avr/4.8.1/../../../../avr/lib/avr5\libm.a(fp_round.o)
                              c:/users/cwur1081/desktop/dane/mirek/moje/programy/atmel toolchain/avr8 gcc/native/3.4.1061/avr8-gnu-toolchain/bin/../lib/gcc/avr/4.8.1/../../../../avr/lib/avr5\libm.a(divsf3.o) (__fp_round)
c:/users/cwur1081/desktop/dane/mirek/moje/programy/atmel toolchain/avr8 gcc/native/3.4.1061/avr8-gnu-toolchain/bin/../lib/gcc/avr/4.8.1/../../../../avr/lib/avr5\libm.a(fp_split3.o)
                              c:/users/cwur1081/desktop/dane/mirek/moje/programy/atmel toolchain/avr8 gcc/native/3.4.1061/avr8-gnu-toolchain/bin/../lib/gcc/avr/4.8.1/../../../../avr/lib/avr5\libm.a(divsf3x.o) (__fp_split3)
c:/users/cwur1081/desktop/dane/mirek/moje/programy/atmel toolchain/avr8 gcc/native/3.4.1061/avr8-gnu-toolchain/bin/../lib/gcc/avr/4.8.1/../../../../avr/lib/avr5\libm.a(fp_zero.o)
                              c:/users/cwur1081/desktop/dane/mirek/moje/programy/atmel toolchain/avr8 gcc/native/3.4.1061/avr8-gnu-toolchain/bin/../lib/gcc/avr/4.8.1/../../../../avr/lib/avr5\libm.a(fixunssfsi.o) (__fp_zero)
c:/users/cwur1081/desktop/dane/mirek/moje/programy/atmel toolchain/avr8 gcc/native/3.4.1061/avr8-gnu-toolchain/bin/../lib/gcc/avr/4.8.1/../../../../avr/lib/avr5\libm.a(mulsf3.o)
                              DS18S20/ds18S20.o (__mulsf3)
c:/users/cwur1081/desktop/dane/mirek/moje/programy/atmel toolchain/avr8 gcc/native/3.4.1061/avr8-gnu-toolchain/bin/../lib/gcc/avr/4.8.1/../../../../avr/lib/avr5\libm.a(mulsf3x.o)
                              c:/users/cwur1081/desktop/dane/mirek/moje/programy/atmel toolchain/avr8 gcc/native/3.4.1061/avr8-gnu-toolchain/bin/../lib/gcc/avr/4.8.1/../../../../avr/lib/avr5\libm.a(mulsf3.o) (__mulsf3x)
c:/users/cwur1081/desktop/dane/mirek/moje/programy/atmel toolchain/avr8 gcc/native/3.4.1061/avr8-gnu-toolchain/bin/../lib/gcc/avr/4.8.1/avr5\libgcc.a(_divmodhi4.o)
                              LCD/Backlight.o (__divmodhi4)
c:/users/cwur1081/desktop/dane/mirek/moje/programy/atmel toolchain/avr8 gcc/native/3.4.1061/avr8-gnu-toolchain/bin/../lib/gcc/avr/4.8.1/avr5\libgcc.a(_exit.o)
                              c:/users/cwur1081/desktop/dane/mirek/moje/programy/atmel toolchain/avr8 gcc/native/3.4.1061/avr8-gnu-toolchain/bin/../lib/gcc/avr/4.8.1/../../../../avr/lib/avr5/crtm32a.o (exit)
c:/users/cwur1081/desktop/dane/mirek/moje/programy/atmel toolchain/avr8 gcc/native/3.4.1061/avr8-gnu-toolchain/bin/../lib/gcc/avr/4.8.1/avr5\libgcc.a(_copy_data.o)
                              Input Capture/Compute_RPM.o (__do_copy_data)
c:/users/cwur1081/desktop/dane/mirek/moje/programy/atmel toolchain/avr8 gcc/native/3.4.1061/avr8-gnu-toolchain/bin/../lib/gcc/avr/4.8.1/avr5\libgcc.a(_clear_bss.o)
                              Input Capture/Compute_RPM.o (__do_clear_bss)
c:/users/cwur1081/desktop/dane/mirek/moje/programy/atmel toolchain/avr8 gcc/native/3.4.1061/avr8-gnu-toolchain/bin/../lib/gcc/avr/4.8.1/avr5\libgcc.a(_udivmodhi4.o)
                              c:/users/cwur1081/desktop/dane/mirek/moje/programy/atmel toolchain/avr8 gcc/native/3.4.1061/avr8-gnu-toolchain/bin/../lib/gcc/avr/4.8.1/avr5\libgcc.a(_divmodhi4.o) (__udivmodhi4)

Allocating common symbols
Common symbol       size              file

RPM_Array           0x10              Input Capture/Compute_RPM.o

Discarded input sections

 .data          0x00000000        0x0 c:/users/cwur1081/desktop/dane/mirek/moje/programy/atmel toolchain/avr8 gcc/native/3.4.1061/avr8-gnu-toolchain/bin/../lib/gcc/avr/4.8.1/../../../../avr/lib/avr5/crtm32a.o
 .bss           0x00000000        0x0 c:/users/cwur1081/desktop/dane/mirek/moje/programy/atmel toolchain/avr8 gcc/native/3.4.1061/avr8-gnu-toolchain/bin/../lib/gcc/avr/4.8.1/../../../../avr/lib/avr5/crtm32a.o
 .text          0x00000000        0x0 DS18S20/temperature.o
 .data          0x00000000        0x0 DS18S20/temperature.o
 .bss           0x00000000        0x0 DS18S20/temperature.o
 .text.T_Measure
                0x00000000       0x2e DS18S20/temperature.o
 .text          0x00000000        0x0 DS18S20/ds18S20.o
 .data          0x00000000        0x0 DS18S20/ds18S20.o
 .bss           0x00000000        0x0 DS18S20/ds18S20.o
 .text.DS18x20_ReadScratchPad
                0x00000000       0x60 DS18S20/ds18S20.o
 .text.DS18x20_MeasureTemperature
                0x00000000       0x82 DS18S20/ds18S20.o
 .text.DS18x20_PowerSupplyType
                0x00000000       0x26 DS18S20/ds18S20.o
 .text.DS18x20_SetAlarmValues
                0x00000000        0x8 DS18S20/ds18S20.o
 .text.DS18x20_CopyScratchpad
                0x00000000       0x2a DS18S20/ds18S20.o
 .text.DS18x20_RECALL_E2
                0x00000000       0x2a DS18S20/ds18S20.o
 .text.DS18x20_TemperatureValue
                0x00000000      0x160 DS18S20/ds18S20.o
 .text          0x00000000        0x0 Input Capture/Compute_RPM.o
 .data          0x00000000        0x0 Input Capture/Compute_RPM.o
 .bss           0x00000000        0x0 Input Capture/Compute_RPM.o
 .text.Time_To_RPM
                0x00000000       0x7e Input Capture/Compute_RPM.o
 .text.Array_Fill
                0x00000000       0x2c Input Capture/Compute_RPM.o
 .text.Compute_RPM
                0x00000000       0x32 Input Capture/Compute_RPM.o
 .bss.Timer_Value_Start
                0x00000000        0x2 Input Capture/Compute_RPM.o
 .data.RPM_Array_Pointer
                0x00000000        0x1 Input Capture/Compute_RPM.o
 COMMON         0x00000000       0x10 Input Capture/Compute_RPM.o
 .text          0x00000000        0x0 LCD/Backlight.o
 .data          0x00000000        0x0 LCD/Backlight.o
 .bss           0x00000000        0x0 LCD/Backlight.o
 .text.Backlight_Init
                0x00000000        0xc LCD/Backlight.o
 .text.Backlight_Adj
                0x00000000       0x10 LCD/Backlight.o
 .debug_info    0x00000000      0x107 LCD/Backlight.o
 .debug_abbrev  0x00000000       0xdc LCD/Backlight.o
 .debug_loc     0x00000000       0x2c LCD/Backlight.o
 .debug_aranges
                0x00000000       0x28 LCD/Backlight.o
 .debug_ranges  0x00000000       0x18 LCD/Backlight.o
 .debug_line    0x00000000       0xd9 LCD/Backlight.o
 .debug_str     0x00000000      0x1a4 LCD/Backlight.o
 .comment       0x00000000       0x31 LCD/Backlight.o
 .debug_frame   0x00000000       0x34 LCD/Backlight.o
 .text          0x00000000        0x0 LCD/HD44780.o
 .data          0x00000000        0x0 LCD/HD44780.o
 .bss           0x00000000        0x0 LCD/HD44780.o
 .text.LCD_Home
                0x00000000       0x14 LCD/HD44780.o
 .text          0x00000000        0x0 Peripherals/ADC.o
 .data          0x00000000        0x0 Peripherals/ADC.o
 .bss           0x00000000        0x0 Peripherals/ADC.o
 .text.ADC_Init
                0x00000000        0x2 Peripherals/ADC.o
 .debug_info    0x00000000       0x40 Peripherals/ADC.o
 .debug_abbrev  0x00000000       0x2e Peripherals/ADC.o
 .debug_aranges
                0x00000000       0x20 Peripherals/ADC.o
 .debug_ranges  0x00000000       0x10 Peripherals/ADC.o
 .debug_line    0x00000000       0x3f Peripherals/ADC.o
 .debug_str     0x00000000      0x10e Peripherals/ADC.o
 .comment       0x00000000       0x31 Peripherals/ADC.o
 .debug_frame   0x00000000       0x24 Peripherals/ADC.o
 .text          0x00000000        0x0 Peripherals/Timers.o
 .data          0x00000000        0x0 Peripherals/Timers.o
 .bss           0x00000000        0x0 Peripherals/Timers.o
 .text.Timer1_Config
                0x00000000        0xa Peripherals/Timers.o
 .text.Timer2_Config
                0x00000000        0xa Peripherals/Timers.o
 .debug_info    0x00000000       0x99 Peripherals/Timers.o
 .debug_abbrev  0x00000000       0x51 Peripherals/Timers.o
 .debug_aranges
                0x00000000       0x28 Peripherals/Timers.o
 .debug_ranges  0x00000000       0x18 Peripherals/Timers.o
 .debug_line    0x00000000       0xde Peripherals/Timers.o
 .debug_str     0x00000000      0x193 Peripherals/Timers.o
 .comment       0x00000000       0x31 Peripherals/Timers.o
 .debug_frame   0x00000000       0x34 Peripherals/Timers.o
 .text          0x00000000        0x0 User/ISR.o
 .data          0x00000000        0x0 User/ISR.o
 .bss           0x00000000        0x0 User/ISR.o
 .text          0x00000000        0x0 User/Obrotomierz.o
 .data          0x00000000        0x0 User/Obrotomierz.o
 .bss           0x00000000        0x0 User/Obrotomierz.o
 .bss.Measure_Refresh_Timer
                0x00000000        0x1 User/Obrotomierz.o
 .text          0x00000000        0x0 c:/users/cwur1081/desktop/dane/mirek/moje/programy/atmel toolchain/avr8 gcc/native/3.4.1061/avr8-gnu-toolchain/bin/../lib/gcc/avr/4.8.1/../../../../avr/lib/avr5\libm.a(divsf3.o)
 .data          0x00000000        0x0 c:/users/cwur1081/desktop/dane/mirek/moje/programy/atmel toolchain/avr8 gcc/native/3.4.1061/avr8-gnu-toolchain/bin/../lib/gcc/avr/4.8.1/../../../../avr/lib/avr5\libm.a(divsf3.o)
 .bss           0x00000000        0x0 c:/users/cwur1081/desktop/dane/mirek/moje/programy/atmel toolchain/avr8 gcc/native/3.4.1061/avr8-gnu-toolchain/bin/../lib/gcc/avr/4.8.1/../../../../avr/lib/avr5\libm.a(divsf3.o)
 .text.avr-libc.fplib
                0x00000000        0x4 c:/users/cwur1081/desktop/dane/mirek/moje/programy/atmel toolchain/avr8 gcc/native/3.4.1061/avr8-gnu-toolchain/bin/../lib/gcc/avr/4.8.1/../../../../avr/lib/avr5\libm.a(divsf3.o)
 .text          0x00000000        0x0 c:/users/cwur1081/desktop/dane/mirek/moje/programy/atmel toolchain/avr8 gcc/native/3.4.1061/avr8-gnu-toolchain/bin/../lib/gcc/avr/4.8.1/../../../../avr/lib/avr5\libm.a(divsf3x.o)
 .data          0x00000000        0x0 c:/users/cwur1081/desktop/dane/mirek/moje/programy/atmel toolchain/avr8 gcc/native/3.4.1061/avr8-gnu-toolchain/bin/../lib/gcc/avr/4.8.1/../../../../avr/lib/avr5\libm.a(divsf3x.o)
 .bss           0x00000000        0x0 c:/users/cwur1081/desktop/dane/mirek/moje/programy/atmel toolchain/avr8 gcc/native/3.4.1061/avr8-gnu-toolchain/bin/../lib/gcc/avr/4.8.1/../../../../avr/lib/avr5\libm.a(divsf3x.o)
 .text.avr-libc.fplib
                0x00000000       0xcc c:/users/cwur1081/desktop/dane/mirek/moje/programy/atmel toolchain/avr8 gcc/native/3.4.1061/avr8-gnu-toolchain/bin/../lib/gcc/avr/4.8.1/../../../../avr/lib/avr5\libm.a(divsf3x.o)
 .text          0x00000000        0x0 c:/users/cwur1081/desktop/dane/mirek/moje/programy/atmel toolchain/avr8 gcc/native/3.4.1061/avr8-gnu-toolchain/bin/../lib/gcc/avr/4.8.1/../../../../avr/lib/avr5\libm.a(fixsfsi.o)
 .data          0x00000000        0x0 c:/users/cwur1081/desktop/dane/mirek/moje/programy/atmel toolchain/avr8 gcc/native/3.4.1061/avr8-gnu-toolchain/bin/../lib/gcc/avr/4.8.1/../../../../avr/lib/avr5\libm.a(fixsfsi.o)
 .bss           0x00000000        0x0 c:/users/cwur1081/desktop/dane/mirek/moje/programy/atmel toolchain/avr8 gcc/native/3.4.1061/avr8-gnu-toolchain/bin/../lib/gcc/avr/4.8.1/../../../../avr/lib/avr5\libm.a(fixsfsi.o)
 .text.avr-libc.fplib
                0x00000000        0xa c:/users/cwur1081/desktop/dane/mirek/moje/programy/atmel toolchain/avr8 gcc/native/3.4.1061/avr8-gnu-toolchain/bin/../lib/gcc/avr/4.8.1/../../../../avr/lib/avr5\libm.a(fixsfsi.o)
 .text          0x00000000        0x0 c:/users/cwur1081/desktop/dane/mirek/moje/programy/atmel toolchain/avr8 gcc/native/3.4.1061/avr8-gnu-toolchain/bin/../lib/gcc/avr/4.8.1/../../../../avr/lib/avr5\libm.a(fixunssfsi.o)
 .data          0x00000000        0x0 c:/users/cwur1081/desktop/dane/mirek/moje/programy/atmel toolchain/avr8 gcc/native/3.4.1061/avr8-gnu-toolchain/bin/../lib/gcc/avr/4.8.1/../../../../avr/lib/avr5\libm.a(fixunssfsi.o)
 .bss           0x00000000        0x0 c:/users/cwur1081/desktop/dane/mirek/moje/programy/atmel toolchain/avr8 gcc/native/3.4.1061/avr8-gnu-toolchain/bin/../lib/gcc/avr/4.8.1/../../../../avr/lib/avr5\libm.a(fixunssfsi.o)
 .text.avr-libc.fplib
                0x00000000       0x58 c:/users/cwur1081/desktop/dane/mirek/moje/programy/atmel toolchain/avr8 gcc/native/3.4.1061/avr8-gnu-toolchain/bin/../lib/gcc/avr/4.8.1/../../../../avr/lib/avr5\libm.a(fixunssfsi.o)
 .text          0x00000000        0x0 c:/users/cwur1081/desktop/dane/mirek/moje/programy/atmel toolchain/avr8 gcc/native/3.4.1061/avr8-gnu-toolchain/bin/../lib/gcc/avr/4.8.1/../../../../avr/lib/avr5\libm.a(floatsisf.o)
 .data          0x00000000        0x0 c:/users/cwur1081/desktop/dane/mirek/moje/programy/atmel toolchain/avr8 gcc/native/3.4.1061/avr8-gnu-toolchain/bin/../lib/gcc/avr/4.8.1/../../../../avr/lib/avr5\libm.a(floatsisf.o)
 .bss           0x00000000        0x0 c:/users/cwur1081/desktop/dane/mirek/moje/programy/atmel toolchain/avr8 gcc/native/3.4.1061/avr8-gnu-toolchain/bin/../lib/gcc/avr/4.8.1/../../../../avr/lib/avr5\libm.a(floatsisf.o)
 .text.avr-libc.fplib
                0x00000000       0x7a c:/users/cwur1081/desktop/dane/mirek/moje/programy/atmel toolchain/avr8 gcc/native/3.4.1061/avr8-gnu-toolchain/bin/../lib/gcc/avr/4.8.1/../../../../avr/lib/avr5\libm.a(floatsisf.o)
 .text          0x00000000        0x0 c:/users/cwur1081/desktop/dane/mirek/moje/programy/atmel toolchain/avr8 gcc/native/3.4.1061/avr8-gnu-toolchain/bin/../lib/gcc/avr/4.8.1/../../../../avr/lib/avr5\libm.a(fp_inf.o)
 .data          0x00000000        0x0 c:/users/cwur1081/desktop/dane/mirek/moje/programy/atmel toolchain/avr8 gcc/native/3.4.1061/avr8-gnu-toolchain/bin/../lib/gcc/avr/4.8.1/../../../../avr/lib/avr5\libm.a(fp_inf.o)
 .bss           0x00000000        0x0 c:/users/cwur1081/desktop/dane/mirek/moje/programy/atmel toolchain/avr8 gcc/native/3.4.1061/avr8-gnu-toolchain/bin/../lib/gcc/avr/4.8.1/../../../../avr/lib/avr5\libm.a(fp_inf.o)
 .text.avr-libc.fplib
                0x00000000        0xc c:/users/cwur1081/desktop/dane/mirek/moje/programy/atmel toolchain/avr8 gcc/native/3.4.1061/avr8-gnu-toolchain/bin/../lib/gcc/avr/4.8.1/../../../../avr/lib/avr5\libm.a(fp_inf.o)
 .text          0x00000000        0x0 c:/users/cwur1081/desktop/dane/mirek/moje/programy/atmel toolchain/avr8 gcc/native/3.4.1061/avr8-gnu-toolchain/bin/../lib/gcc/avr/4.8.1/../../../../avr/lib/avr5\libm.a(fp_nan.o)
 .data          0x00000000        0x0 c:/users/cwur1081/desktop/dane/mirek/moje/programy/atmel toolchain/avr8 gcc/native/3.4.1061/avr8-gnu-toolchain/bin/../lib/gcc/avr/4.8.1/../../../../avr/lib/avr5\libm.a(fp_nan.o)
 .bss           0x00000000        0x0 c:/users/cwur1081/desktop/dane/mirek/moje/programy/atmel toolchain/avr8 gcc/native/3.4.1061/avr8-gnu-toolchain/bin/../lib/gcc/avr/4.8.1/../../../../avr/lib/avr5\libm.a(fp_nan.o)
 .text.avr-libc.fplib
                0x00000000        0x6 c:/users/cwur1081/desktop/dane/mirek/moje/programy/atmel toolchain/avr8 gcc/native/3.4.1061/avr8-gnu-toolchain/bin/../lib/gcc/avr/4.8.1/../../../../avr/lib/avr5\libm.a(fp_nan.o)
 .text          0x00000000        0x0 c:/users/cwur1081/desktop/dane/mirek/moje/programy/atmel toolchain/avr8 gcc/native/3.4.1061/avr8-gnu-toolchain/bin/../lib/gcc/avr/4.8.1/../../../../avr/lib/avr5\libm.a(fp_pscA.o)
 .data          0x00000000        0x0 c:/users/cwur1081/desktop/dane/mirek/moje/programy/atmel toolchain/avr8 gcc/native/3.4.1061/avr8-gnu-toolchain/bin/../lib/gcc/avr/4.8.1/../../../../avr/lib/avr5\libm.a(fp_pscA.o)
 .bss           0x00000000        0x0 c:/users/cwur1081/desktop/dane/mirek/moje/programy/atmel toolchain/avr8 gcc/native/3.4.1061/avr8-gnu-toolchain/bin/../lib/gcc/avr/4.8.1/../../../../avr/lib/avr5\libm.a(fp_pscA.o)
 .text.avr-libc.fplib
                0x00000000        0xe c:/users/cwur1081/desktop/dane/mirek/moje/programy/atmel toolchain/avr8 gcc/native/3.4.1061/avr8-gnu-toolchain/bin/../lib/gcc/avr/4.8.1/../../../../avr/lib/avr5\libm.a(fp_pscA.o)
 .text          0x00000000        0x0 c:/users/cwur1081/desktop/dane/mirek/moje/programy/atmel toolchain/avr8 gcc/native/3.4.1061/avr8-gnu-toolchain/bin/../lib/gcc/avr/4.8.1/../../../../avr/lib/avr5\libm.a(fp_pscB.o)
 .data          0x00000000        0x0 c:/users/cwur1081/desktop/dane/mirek/moje/programy/atmel toolchain/avr8 gcc/native/3.4.1061/avr8-gnu-toolchain/bin/../lib/gcc/avr/4.8.1/../../../../avr/lib/avr5\libm.a(fp_pscB.o)
 .bss           0x00000000        0x0 c:/users/cwur1081/desktop/dane/mirek/moje/programy/atmel toolchain/avr8 gcc/native/3.4.1061/avr8-gnu-toolchain/bin/../lib/gcc/avr/4.8.1/../../../../avr/lib/avr5\libm.a(fp_pscB.o)
 .text.avr-libc.fplib
                0x00000000        0xe c:/users/cwur1081/desktop/dane/mirek/moje/programy/atmel toolchain/avr8 gcc/native/3.4.1061/avr8-gnu-toolchain/bin/../lib/gcc/avr/4.8.1/../../../../avr/lib/avr5\libm.a(fp_pscB.o)
 .text          0x00000000        0x0 c:/users/cwur1081/desktop/dane/mirek/moje/programy/atmel toolchain/avr8 gcc/native/3.4.1061/avr8-gnu-toolchain/bin/../lib/gcc/avr/4.8.1/../../../../avr/lib/avr5\libm.a(fp_round.o)
 .data          0x00000000        0x0 c:/users/cwur1081/desktop/dane/mirek/moje/programy/atmel toolchain/avr8 gcc/native/3.4.1061/avr8-gnu-toolchain/bin/../lib/gcc/avr/4.8.1/../../../../avr/lib/avr5\libm.a(fp_round.o)
 .bss           0x00000000        0x0 c:/users/cwur1081/desktop/dane/mirek/moje/programy/atmel toolchain/avr8 gcc/native/3.4.1061/avr8-gnu-toolchain/bin/../lib/gcc/avr/4.8.1/../../../../avr/lib/avr5\libm.a(fp_round.o)
 .text.avr-libc.fplib
                0x00000000       0x22 c:/users/cwur1081/desktop/dane/mirek/moje/programy/atmel toolchain/avr8 gcc/native/3.4.1061/avr8-gnu-toolchain/bin/../lib/gcc/avr/4.8.1/../../../../avr/lib/avr5\libm.a(fp_round.o)
 .text          0x00000000        0x0 c:/users/cwur1081/desktop/dane/mirek/moje/programy/atmel toolchain/avr8 gcc/native/3.4.1061/avr8-gnu-toolchain/bin/../lib/gcc/avr/4.8.1/../../../../avr/lib/avr5\libm.a(fp_split3.o)
 .data          0x00000000        0x0 c:/users/cwur1081/desktop/dane/mirek/moje/programy/atmel toolchain/avr8 gcc/native/3.4.1061/avr8-gnu-toolchain/bin/../lib/gcc/avr/4.8.1/../../../../avr/lib/avr5\libm.a(fp_split3.o)
 .bss           0x00000000        0x0 c:/users/cwur1081/desktop/dane/mirek/moje/programy/atmel toolchain/avr8 gcc/native/3.4.1061/avr8-gnu-toolchain/bin/../lib/gcc/avr/4.8.1/../../../../avr/lib/avr5\libm.a(fp_split3.o)
 .text.avr-libc.fplib
                0x00000000       0x44 c:/users/cwur1081/desktop/dane/mirek/moje/programy/atmel toolchain/avr8 gcc/native/3.4.1061/avr8-gnu-toolchain/bin/../lib/gcc/avr/4.8.1/../../../../avr/lib/avr5\libm.a(fp_split3.o)
 .text          0x00000000        0x0 c:/users/cwur1081/desktop/dane/mirek/moje/programy/atmel toolchain/avr8 gcc/native/3.4.1061/avr8-gnu-toolchain/bin/../lib/gcc/avr/4.8.1/../../../../avr/lib/avr5\libm.a(fp_zero.o)
 .data          0x00000000        0x0 c:/users/cwur1081/desktop/dane/mirek/moje/programy/atmel toolchain/avr8 gcc/native/3.4.1061/avr8-gnu-toolchain/bin/../lib/gcc/avr/4.8.1/../../../../avr/lib/avr5\libm.a(fp_zero.o)
 .bss           0x00000000        0x0 c:/users/cwur1081/desktop/dane/mirek/moje/programy/atmel toolchain/avr8 gcc/native/3.4.1061/avr8-gnu-toolchain/bin/../lib/gcc/avr/4.8.1/../../../../avr/lib/avr5\libm.a(fp_zero.o)
 .text.avr-libc.fplib
                0x00000000        0xe c:/users/cwur1081/desktop/dane/mirek/moje/programy/atmel toolchain/avr8 gcc/native/3.4.1061/avr8-gnu-toolchain/bin/../lib/gcc/avr/4.8.1/../../../../avr/lib/avr5\libm.a(fp_zero.o)
 .text          0x00000000        0x0 c:/users/cwur1081/desktop/dane/mirek/moje/programy/atmel toolchain/avr8 gcc/native/3.4.1061/avr8-gnu-toolchain/bin/../lib/gcc/avr/4.8.1/../../../../avr/lib/avr5\libm.a(mulsf3.o)
 .data          0x00000000        0x0 c:/users/cwur1081/desktop/dane/mirek/moje/programy/atmel toolchain/avr8 gcc/native/3.4.1061/avr8-gnu-toolchain/bin/../lib/gcc/avr/4.8.1/../../../../avr/lib/avr5\libm.a(mulsf3.o)
 .bss           0x00000000        0x0 c:/users/cwur1081/desktop/dane/mirek/moje/programy/atmel toolchain/avr8 gcc/native/3.4.1061/avr8-gnu-toolchain/bin/../lib/gcc/avr/4.8.1/../../../../avr/lib/avr5\libm.a(mulsf3.o)
 .text.avr-libc.fplib
                0x00000000        0x4 c:/users/cwur1081/desktop/dane/mirek/moje/programy/atmel toolchain/avr8 gcc/native/3.4.1061/avr8-gnu-toolchain/bin/../lib/gcc/avr/4.8.1/../../../../avr/lib/avr5\libm.a(mulsf3.o)
 .text          0x00000000        0x0 c:/users/cwur1081/desktop/dane/mirek/moje/programy/atmel toolchain/avr8 gcc/native/3.4.1061/avr8-gnu-toolchain/bin/../lib/gcc/avr/4.8.1/../../../../avr/lib/avr5\libm.a(mulsf3x.o)
 .data          0x00000000        0x0 c:/users/cwur1081/desktop/dane/mirek/moje/programy/atmel toolchain/avr8 gcc/native/3.4.1061/avr8-gnu-toolchain/bin/../lib/gcc/avr/4.8.1/../../../../avr/lib/avr5\libm.a(mulsf3x.o)
 .bss           0x00000000        0x0 c:/users/cwur1081/desktop/dane/mirek/moje/programy/atmel toolchain/avr8 gcc/native/3.4.1061/avr8-gnu-toolchain/bin/../lib/gcc/avr/4.8.1/../../../../avr/lib/avr5\libm.a(mulsf3x.o)
 .text.avr-libc.fplib
                0x00000000       0xc2 c:/users/cwur1081/desktop/dane/mirek/moje/programy/atmel toolchain/avr8 gcc/native/3.4.1061/avr8-gnu-toolchain/bin/../lib/gcc/avr/4.8.1/../../../../avr/lib/avr5\libm.a(mulsf3x.o)
 .text          0x00000000        0x0 c:/users/cwur1081/desktop/dane/mirek/moje/programy/atmel toolchain/avr8 gcc/native/3.4.1061/avr8-gnu-toolchain/bin/../lib/gcc/avr/4.8.1/avr5\libgcc.a(_divmodhi4.o)
 .data          0x00000000        0x0 c:/users/cwur1081/desktop/dane/mirek/moje/programy/atmel toolchain/avr8 gcc/native/3.4.1061/avr8-gnu-toolchain/bin/../lib/gcc/avr/4.8.1/avr5\libgcc.a(_divmodhi4.o)
 .bss           0x00000000        0x0 c:/users/cwur1081/desktop/dane/mirek/moje/programy/atmel toolchain/avr8 gcc/native/3.4.1061/avr8-gnu-toolchain/bin/../lib/gcc/avr/4.8.1/avr5\libgcc.a(_divmodhi4.o)
 .text.libgcc.mul
                0x00000000        0x0 c:/users/cwur1081/desktop/dane/mirek/moje/programy/atmel toolchain/avr8 gcc/native/3.4.1061/avr8-gnu-toolchain/bin/../lib/gcc/avr/4.8.1/avr5\libgcc.a(_divmodhi4.o)
 .text.libgcc.div
                0x00000000       0x28 c:/users/cwur1081/desktop/dane/mirek/moje/programy/atmel toolchain/avr8 gcc/native/3.4.1061/avr8-gnu-toolchain/bin/../lib/gcc/avr/4.8.1/avr5\libgcc.a(_divmodhi4.o)
 .text.libgcc   0x00000000        0x0 c:/users/cwur1081/desktop/dane/mirek/moje/programy/atmel toolchain/avr8 gcc/native/3.4.1061/avr8-gnu-toolchain/bin/../lib/gcc/avr/4.8.1/avr5\libgcc.a(_divmodhi4.o)
 .text.libgcc.prologue
                0x00000000        0x0 c:/users/cwur1081/desktop/dane/mirek/moje/programy/atmel toolchain/avr8 gcc/native/3.4.1061/avr8-gnu-toolchain/bin/../lib/gcc/avr/4.8.1/avr5\libgcc.a(_divmodhi4.o)
 .text.libgcc.builtins
                0x00000000        0x0 c:/users/cwur1081/desktop/dane/mirek/moje/programy/atmel toolchain/avr8 gcc/native/3.4.1061/avr8-gnu-toolchain/bin/../lib/gcc/avr/4.8.1/avr5\libgcc.a(_divmodhi4.o)
 .text.libgcc.fmul
                0x00000000        0x0 c:/users/cwur1081/desktop/dane/mirek/moje/programy/atmel toolchain/avr8 gcc/native/3.4.1061/avr8-gnu-toolchain/bin/../lib/gcc/avr/4.8.1/avr5\libgcc.a(_divmodhi4.o)
 .text.libgcc.fixed
                0x00000000        0x0 c:/users/cwur1081/desktop/dane/mirek/moje/programy/atmel toolchain/avr8 gcc/native/3.4.1061/avr8-gnu-toolchain/bin/../lib/gcc/avr/4.8.1/avr5\libgcc.a(_divmodhi4.o)
 .text          0x00000000        0x0 c:/users/cwur1081/desktop/dane/mirek/moje/programy/atmel toolchain/avr8 gcc/native/3.4.1061/avr8-gnu-toolchain/bin/../lib/gcc/avr/4.8.1/avr5\libgcc.a(_exit.o)
 .data          0x00000000        0x0 c:/users/cwur1081/desktop/dane/mirek/moje/programy/atmel toolchain/avr8 gcc/native/3.4.1061/avr8-gnu-toolchain/bin/../lib/gcc/avr/4.8.1/avr5\libgcc.a(_exit.o)
 .bss           0x00000000        0x0 c:/users/cwur1081/desktop/dane/mirek/moje/programy/atmel toolchain/avr8 gcc/native/3.4.1061/avr8-gnu-toolchain/bin/../lib/gcc/avr/4.8.1/avr5\libgcc.a(_exit.o)
 .text.libgcc.mul
                0x00000000        0x0 c:/users/cwur1081/desktop/dane/mirek/moje/programy/atmel toolchain/avr8 gcc/native/3.4.1061/avr8-gnu-toolchain/bin/../lib/gcc/avr/4.8.1/avr5\libgcc.a(_exit.o)
 .text.libgcc.div
                0x00000000        0x0 c:/users/cwur1081/desktop/dane/mirek/moje/programy/atmel toolchain/avr8 gcc/native/3.4.1061/avr8-gnu-toolchain/bin/../lib/gcc/avr/4.8.1/avr5\libgcc.a(_exit.o)
 .text.libgcc   0x00000000        0x0 c:/users/cwur1081/desktop/dane/mirek/moje/programy/atmel toolchain/avr8 gcc/native/3.4.1061/avr8-gnu-toolchain/bin/../lib/gcc/avr/4.8.1/avr5\libgcc.a(_exit.o)
 .text.libgcc.prologue
                0x00000000        0x0 c:/users/cwur1081/desktop/dane/mirek/moje/programy/atmel toolchain/avr8 gcc/native/3.4.1061/avr8-gnu-toolchain/bin/../lib/gcc/avr/4.8.1/avr5\libgcc.a(_exit.o)
 .text.libgcc.builtins
                0x00000000        0x0 c:/users/cwur1081/desktop/dane/mirek/moje/programy/atmel toolchain/avr8 gcc/native/3.4.1061/avr8-gnu-toolchain/bin/../lib/gcc/avr/4.8.1/avr5\libgcc.a(_exit.o)
 .text.libgcc.fmul
                0x00000000        0x0 c:/users/cwur1081/desktop/dane/mirek/moje/programy/atmel toolchain/avr8 gcc/native/3.4.1061/avr8-gnu-toolchain/bin/../lib/gcc/avr/4.8.1/avr5\libgcc.a(_exit.o)
 .text.libgcc.fixed
                0x00000000        0x0 c:/users/cwur1081/desktop/dane/mirek/moje/programy/atmel toolchain/avr8 gcc/native/3.4.1061/avr8-gnu-toolchain/bin/../lib/gcc/avr/4.8.1/avr5\libgcc.a(_exit.o)
 .text          0x00000000        0x0 c:/users/cwur1081/desktop/dane/mirek/moje/programy/atmel toolchain/avr8 gcc/native/3.4.1061/avr8-gnu-toolchain/bin/../lib/gcc/avr/4.8.1/avr5\libgcc.a(_copy_data.o)
 .data          0x00000000        0x0 c:/users/cwur1081/desktop/dane/mirek/moje/programy/atmel toolchain/avr8 gcc/native/3.4.1061/avr8-gnu-toolchain/bin/../lib/gcc/avr/4.8.1/avr5\libgcc.a(_copy_data.o)
 .bss           0x00000000        0x0 c:/users/cwur1081/desktop/dane/mirek/moje/programy/atmel toolchain/avr8 gcc/native/3.4.1061/avr8-gnu-toolchain/bin/../lib/gcc/avr/4.8.1/avr5\libgcc.a(_copy_data.o)
 .text.libgcc.mul
                0x00000000        0x0 c:/users/cwur1081/desktop/dane/mirek/moje/programy/atmel toolchain/avr8 gcc/native/3.4.1061/avr8-gnu-toolchain/bin/../lib/gcc/avr/4.8.1/avr5\libgcc.a(_copy_data.o)
 .text.libgcc.div
                0x00000000        0x0 c:/users/cwur1081/desktop/dane/mirek/moje/programy/atmel toolchain/avr8 gcc/native/3.4.1061/avr8-gnu-toolchain/bin/../lib/gcc/avr/4.8.1/avr5\libgcc.a(_copy_data.o)
 .text.libgcc   0x00000000        0x0 c:/users/cwur1081/desktop/dane/mirek/moje/programy/atmel toolchain/avr8 gcc/native/3.4.1061/avr8-gnu-toolchain/bin/../lib/gcc/avr/4.8.1/avr5\libgcc.a(_copy_data.o)
 .text.libgcc.prologue
                0x00000000        0x0 c:/users/cwur1081/desktop/dane/mirek/moje/programy/atmel toolchain/avr8 gcc/native/3.4.1061/avr8-gnu-toolchain/bin/../lib/gcc/avr/4.8.1/avr5\libgcc.a(_copy_data.o)
 .text.libgcc.builtins
                0x00000000        0x0 c:/users/cwur1081/desktop/dane/mirek/moje/programy/atmel toolchain/avr8 gcc/native/3.4.1061/avr8-gnu-toolchain/bin/../lib/gcc/avr/4.8.1/avr5\libgcc.a(_copy_data.o)
 .text.libgcc.fmul
                0x00000000        0x0 c:/users/cwur1081/desktop/dane/mirek/moje/programy/atmel toolchain/avr8 gcc/native/3.4.1061/avr8-gnu-toolchain/bin/../lib/gcc/avr/4.8.1/avr5\libgcc.a(_copy_data.o)
 .text.libgcc.fixed
                0x00000000        0x0 c:/users/cwur1081/desktop/dane/mirek/moje/programy/atmel toolchain/avr8 gcc/native/3.4.1061/avr8-gnu-toolchain/bin/../lib/gcc/avr/4.8.1/avr5\libgcc.a(_copy_data.o)
 .text          0x00000000        0x0 c:/users/cwur1081/desktop/dane/mirek/moje/programy/atmel toolchain/avr8 gcc/native/3.4.1061/avr8-gnu-toolchain/bin/../lib/gcc/avr/4.8.1/avr5\libgcc.a(_clear_bss.o)
 .data          0x00000000        0x0 c:/users/cwur1081/desktop/dane/mirek/moje/programy/atmel toolchain/avr8 gcc/native/3.4.1061/avr8-gnu-toolchain/bin/../lib/gcc/avr/4.8.1/avr5\libgcc.a(_clear_bss.o)
 .bss           0x00000000        0x0 c:/users/cwur1081/desktop/dane/mirek/moje/programy/atmel toolchain/avr8 gcc/native/3.4.1061/avr8-gnu-toolchain/bin/../lib/gcc/avr/4.8.1/avr5\libgcc.a(_clear_bss.o)
 .text.libgcc.mul
                0x00000000        0x0 c:/users/cwur1081/desktop/dane/mirek/moje/programy/atmel toolchain/avr8 gcc/native/3.4.1061/avr8-gnu-toolchain/bin/../lib/gcc/avr/4.8.1/avr5\libgcc.a(_clear_bss.o)
 .text.libgcc.div
                0x00000000        0x0 c:/users/cwur1081/desktop/dane/mirek/moje/programy/atmel toolchain/avr8 gcc/native/3.4.1061/avr8-gnu-toolchain/bin/../lib/gcc/avr/4.8.1/avr5\libgcc.a(_clear_bss.o)
 .text.libgcc   0x00000000        0x0 c:/users/cwur1081/desktop/dane/mirek/moje/programy/atmel toolchain/avr8 gcc/native/3.4.1061/avr8-gnu-toolchain/bin/../lib/gcc/avr/4.8.1/avr5\libgcc.a(_clear_bss.o)
 .text.libgcc.prologue
                0x00000000        0x0 c:/users/cwur1081/desktop/dane/mirek/moje/programy/atmel toolchain/avr8 gcc/native/3.4.1061/avr8-gnu-toolchain/bin/../lib/gcc/avr/4.8.1/avr5\libgcc.a(_clear_bss.o)
 .text.libgcc.builtins
                0x00000000        0x0 c:/users/cwur1081/desktop/dane/mirek/moje/programy/atmel toolchain/avr8 gcc/native/3.4.1061/avr8-gnu-toolchain/bin/../lib/gcc/avr/4.8.1/avr5\libgcc.a(_clear_bss.o)
 .text.libgcc.fmul
                0x00000000        0x0 c:/users/cwur1081/desktop/dane/mirek/moje/programy/atmel toolchain/avr8 gcc/native/3.4.1061/avr8-gnu-toolchain/bin/../lib/gcc/avr/4.8.1/avr5\libgcc.a(_clear_bss.o)
 .text.libgcc.fixed
                0x00000000        0x0 c:/users/cwur1081/desktop/dane/mirek/moje/programy/atmel toolchain/avr8 gcc/native/3.4.1061/avr8-gnu-toolchain/bin/../lib/gcc/avr/4.8.1/avr5\libgcc.a(_clear_bss.o)
 .text          0x00000000        0x0 c:/users/cwur1081/desktop/dane/mirek/moje/programy/atmel toolchain/avr8 gcc/native/3.4.1061/avr8-gnu-toolchain/bin/../lib/gcc/avr/4.8.1/avr5\libgcc.a(_udivmodhi4.o)
 .data          0x00000000        0x0 c:/users/cwur1081/desktop/dane/mirek/moje/programy/atmel toolchain/avr8 gcc/native/3.4.1061/avr8-gnu-toolchain/bin/../lib/gcc/avr/4.8.1/avr5\libgcc.a(_udivmodhi4.o)
 .bss           0x00000000        0x0 c:/users/cwur1081/desktop/dane/mirek/moje/programy/atmel toolchain/avr8 gcc/native/3.4.1061/avr8-gnu-toolchain/bin/../lib/gcc/avr/4.8.1/avr5\libgcc.a(_udivmodhi4.o)
 .text.libgcc.mul
                0x00000000        0x0 c:/users/cwur1081/desktop/dane/mirek/moje/programy/atmel toolchain/avr8 gcc/native/3.4.1061/avr8-gnu-toolchain/bin/../lib/gcc/avr/4.8.1/avr5\libgcc.a(_udivmodhi4.o)
 .text.libgcc.div
                0x00000000       0x28 c:/users/cwur1081/desktop/dane/mirek/moje/programy/atmel toolchain/avr8 gcc/native/3.4.1061/avr8-gnu-toolchain/bin/../lib/gcc/avr/4.8.1/avr5\libgcc.a(_udivmodhi4.o)
 .text.libgcc   0x00000000        0x0 c:/users/cwur1081/desktop/dane/mirek/moje/programy/atmel toolchain/avr8 gcc/native/3.4.1061/avr8-gnu-toolchain/bin/../lib/gcc/avr/4.8.1/avr5\libgcc.a(_udivmodhi4.o)
 .text.libgcc.prologue
                0x00000000        0x0 c:/users/cwur1081/desktop/dane/mirek/moje/programy/atmel toolchain/avr8 gcc/native/3.4.1061/avr8-gnu-toolchain/bin/../lib/gcc/avr/4.8.1/avr5\libgcc.a(_udivmodhi4.o)
 .text.libgcc.builtins
                0x00000000        0x0 c:/users/cwur1081/desktop/dane/mirek/moje/programy/atmel toolchain/avr8 gcc/native/3.4.1061/avr8-gnu-toolchain/bin/../lib/gcc/avr/4.8.1/avr5\libgcc.a(_udivmodhi4.o)
 .text.libgcc.fmul
                0x00000000        0x0 c:/users/cwur1081/desktop/dane/mirek/moje/programy/atmel toolchain/avr8 gcc/native/3.4.1061/avr8-gnu-toolchain/bin/../lib/gcc/avr/4.8.1/avr5\libgcc.a(_udivmodhi4.o)
 .text.libgcc.fixed
                0x00000000        0x0 c:/users/cwur1081/desktop/dane/mirek/moje/programy/atmel toolchain/avr8 gcc/native/3.4.1061/avr8-gnu-toolchain/bin/../lib/gcc/avr/4.8.1/avr5\libgcc.a(_udivmodhi4.o)

Memory Configuration

Name             Origin             Length             Attributes
text             0x00000000         0x00020000         xr
data             0x00800060         0x0000ffa0         rw !x
eeprom           0x00810000         0x00010000         rw !x
fuse             0x00820000         0x00000400         rw !x
lock             0x00830000         0x00000400         rw !x
signature        0x00840000         0x00000400         rw !x
user_signatures  0x00850000         0x00000400         rw !x
*default*        0x00000000         0xffffffff

Linker script and memory map

LOAD c:/users/cwur1081/desktop/dane/mirek/moje/programy/atmel toolchain/avr8 gcc/native/3.4.1061/avr8-gnu-toolchain/bin/../lib/gcc/avr/4.8.1/../../../../avr/lib/avr5/crtm32a.o
LOAD DS18S20/temperature.o
LOAD DS18S20/ds18S20.o
LOAD Input Capture/Compute_RPM.o
LOAD LCD/Backlight.o
LOAD LCD/HD44780.o
LOAD Peripherals/ADC.o
LOAD Peripherals/Timers.o
LOAD User/ISR.o
LOAD User/Obrotomierz.o
START GROUP
LOAD c:/users/cwur1081/desktop/dane/mirek/moje/programy/atmel toolchain/avr8 gcc/native/3.4.1061/avr8-gnu-toolchain/bin/../lib/gcc/avr/4.8.1/../../../../avr/lib/avr5\libm.a
END GROUP
START GROUP
LOAD c:/users/cwur1081/desktop/dane/mirek/moje/programy/atmel toolchain/avr8 gcc/native/3.4.1061/avr8-gnu-toolchain/bin/../lib/gcc/avr/4.8.1/avr5\libgcc.a
LOAD c:/users/cwur1081/desktop/dane/mirek/moje/programy/atmel toolchain/avr8 gcc/native/3.4.1061/avr8-gnu-toolchain/bin/../lib/gcc/avr/4.8.1/../../../../avr/lib/avr5\libm.a
LOAD c:/users/cwur1081/desktop/dane/mirek/moje/programy/atmel toolchain/avr8 gcc/native/3.4.1061/avr8-gnu-toolchain/bin/../lib/gcc/avr/4.8.1/../../../../avr/lib/avr5\libc.a
END GROUP

.hash
 *(.hash)

.dynsym
 *(.dynsym)

.dynstr
 *(.dynstr)

.gnu.version
 *(.gnu.version)

.gnu.version_d
 *(.gnu.version_d)

.gnu.version_r
 *(.gnu.version_r)

.rel.init
 *(.rel.init)

.rela.init
 *(.rela.init)

.rel.text
 *(.rel.text)
 *(.rel.text.*)
 *(.rel.gnu.linkonce.t*)

.rela.text
 *(.rela.text)
 *(.rela.text.*)
 *(.rela.gnu.linkonce.t*)

.rel.fini
 *(.rel.fini)

.rela.fini
 *(.rela.fini)

.rel.rodata
 *(.rel.rodata)
 *(.rel.rodata.*)
 *(.rel.gnu.linkonce.r*)

.rela.rodata
 *(.rela.rodata)
 *(.rela.rodata.*)
 *(.rela.gnu.linkonce.r*)

.rel.data
 *(.rel.data)
 *(.rel.data.*)
 *(.rel.gnu.linkonce.d*)

.rela.data
 *(.rela.data)
 *(.rela.data.*)
 *(.rela.gnu.linkonce.d*)

.rel.ctors
 *(.rel.ctors)

.rela.ctors
 *(.rela.ctors)

.rel.dtors
 *(.rel.dtors)

.rela.dtors
 *(.rela.dtors)

.rel.got
 *(.rel.got)

.rela.got
 *(.rela.got)

.rel.bss
 *(.rel.bss)

.rela.bss
 *(.rela.bss)

.rel.plt
 *(.rel.plt)

.rela.plt
 *(.rela.plt)

.text           0x00000000      0x5cc
 *(.vectors)
 .vectors       0x00000000       0x54 c:/users/cwur1081/desktop/dane/mirek/moje/programy/atmel toolchain/avr8 gcc/native/3.4.1061/avr8-gnu-toolchain/bin/../lib/gcc/avr/4.8.1/../../../../avr/lib/avr5/crtm32a.o
                0x00000000                __vector_default
                0x00000000                __vectors
 *(.vectors)
 *(.progmem.gcc*)
                0x00000054                . = ALIGN (0x2)
                0x00000054                __trampolines_start = .
 *(.trampolines)
 .trampolines   0x00000054        0x0 linker stubs
 *(.trampolines*)
                0x00000054                __trampolines_end = .
 *(.progmem*)
                0x00000054                . = ALIGN (0x2)
 *(.jumptables)
 *(.jumptables*)
 *(.lowtext)
 *(.lowtext*)
                0x00000054                __ctors_start = .
 *(.ctors)
                0x00000054                __ctors_end = .
                0x00000054                __dtors_start = .
 *(.dtors)
                0x00000054                __dtors_end = .
 SORT(*)(.ctors)
 SORT(*)(.dtors)
 *(.init0)
 .init0         0x00000054        0x0 c:/users/cwur1081/desktop/dane/mirek/moje/programy/atmel toolchain/avr8 gcc/native/3.4.1061/avr8-gnu-toolchain/bin/../lib/gcc/avr/4.8.1/../../../../avr/lib/avr5/crtm32a.o
                0x00000054                __init
 *(.init0)
 *(.init1)
 *(.init1)
 *(.init2)
 .init2         0x00000054        0xc c:/users/cwur1081/desktop/dane/mirek/moje/programy/atmel toolchain/avr8 gcc/native/3.4.1061/avr8-gnu-toolchain/bin/../lib/gcc/avr/4.8.1/../../../../avr/lib/avr5/crtm32a.o
 *(.init2)
 *(.init3)
 *(.init3)
 *(.init4)
 .init4         0x00000060       0x16 c:/users/cwur1081/desktop/dane/mirek/moje/programy/atmel toolchain/avr8 gcc/native/3.4.1061/avr8-gnu-toolchain/bin/../lib/gcc/avr/4.8.1/avr5\libgcc.a(_copy_data.o)
                0x00000060                __do_copy_data
 .init4         0x00000076       0x10 c:/users/cwur1081/desktop/dane/mirek/moje/programy/atmel toolchain/avr8 gcc/native/3.4.1061/avr8-gnu-toolchain/bin/../lib/gcc/avr/4.8.1/avr5\libgcc.a(_clear_bss.o)
                0x00000076                __do_clear_bss
 *(.init4)
 *(.init5)
 *(.init5)
 *(.init6)
 *(.init6)
 *(.init7)
 *(.init7)
 *(.init8)
 *(.init8)
 *(.init9)
 .init9         0x00000086        0x8 c:/users/cwur1081/desktop/dane/mirek/moje/programy/atmel toolchain/avr8 gcc/native/3.4.1061/avr8-gnu-toolchain/bin/../lib/gcc/avr/4.8.1/../../../../avr/lib/avr5/crtm32a.o
 *(.init9)
 *(.text)
 .text          0x0000008e        0x4 c:/users/cwur1081/desktop/dane/mirek/moje/programy/atmel toolchain/avr8 gcc/native/3.4.1061/avr8-gnu-toolchain/bin/../lib/gcc/avr/4.8.1/../../../../avr/lib/avr5/crtm32a.o
                0x0000008e                __vector_1
                0x0000008e                __vector_12
                0x0000008e                __bad_interrupt
                0x0000008e                __vector_3
                0x0000008e                __vector_11
                0x0000008e                __vector_13
                0x0000008e                __vector_17
                0x0000008e                __vector_19
                0x0000008e                __vector_7
                0x0000008e                __vector_4
                0x0000008e                __vector_2
                0x0000008e                __vector_15
                0x0000008e                __vector_8
                0x0000008e                __vector_14
                0x0000008e                __vector_10
                0x0000008e                __vector_16
                0x0000008e                __vector_18
                0x0000008e                __vector_20
                0x00000092                . = ALIGN (0x2)
 *(.text.*)
 .text.T_Sensor_Init
                0x00000092       0x4a DS18S20/temperature.o
                0x00000092                T_Sensor_Init
 .text.OWReset  0x000000dc       0x76 DS18S20/ds18S20.o
                0x000000dc                OWReset
 .text.OWWriteBit
                0x00000152       0x76 DS18S20/ds18S20.o
                0x00000152                OWWriteBit
 .text.OWReadBit
                0x000001c8       0x6e DS18S20/ds18S20.o
                0x000001c8                OWReadBit
 .text.OWWriteByte
                0x00000236       0x38 DS18S20/ds18S20.o
                0x00000236                OWWriteByte
 .text.OWReadByte
                0x0000026e       0x3a DS18S20/ds18S20.o
                0x0000026e                OWReadByte
 .text.OWCheckCRC
                0x000002a8       0x2c DS18S20/ds18S20.o
                0x000002a8                OWCheckCRC
 .text.DS18x20_ReadROM
                0x000002d4       0x52 DS18S20/ds18S20.o
                0x000002d4                DS18x20_ReadROM
 .text.DS18x20_Init
                0x00000326       0x82 DS18S20/ds18S20.o
                0x00000326                DS18x20_Init
 .text.DS18x20_SetResolution
                0x000003a8        0xc DS18S20/ds18S20.o
                0x000003a8                DS18x20_SetResolution
 .text.DS18x20_WriteScratchpad
                0x000003b4       0x3e DS18S20/ds18S20.o
                0x000003b4                DS18x20_WriteScratchpad
 .text._LCD_OutNibble
                0x000003f2       0x2a LCD/HD44780.o
                0x000003f2                _LCD_OutNibble
 .text._LCD_Write
                0x0000041c       0x26 LCD/HD44780.o
                0x0000041c                _LCD_Write
 .text.LCD_WriteCommand
                0x00000442        0xa LCD/HD44780.o
                0x00000442                LCD_WriteCommand
 .text.LCD_WriteData
                0x0000044c        0xa LCD/HD44780.o
                0x0000044c                LCD_WriteData
 .text.LCD_WriteText
                0x00000456       0x1e LCD/HD44780.o
                0x00000456                LCD_WriteText
 .text.LCD_GoTo
                0x00000474       0x10 LCD/HD44780.o
                0x00000474                LCD_GoTo
 .text.LCD_Clear
                0x00000484       0x14 LCD/HD44780.o
                0x00000484                LCD_Clear
 .text.LCD_Initalize
                0x00000498       0x82 LCD/HD44780.o
                0x00000498                LCD_Initalize
 .text.__vector_6
                0x0000051a       0x2e User/ISR.o
                0x0000051a                __vector_6
 .text.__vector_9
                0x00000548       0x30 User/ISR.o
                0x00000548                __vector_9
 .text.__vector_5
                0x00000578       0x16 User/ISR.o
                0x00000578                __vector_5
 .text.main     0x0000058e       0x3a User/Obrotomierz.o
                0x0000058e                main
                0x000005c8                . = ALIGN (0x2)
 *(.fini9)
 .fini9         0x000005c8        0x0 c:/users/cwur1081/desktop/dane/mirek/moje/programy/atmel toolchain/avr8 gcc/native/3.4.1061/avr8-gnu-toolchain/bin/../lib/gcc/avr/4.8.1/avr5\libgcc.a(_exit.o)
                0x000005c8                _exit
                0x000005c8                exit
 *(.fini9)
 *(.fini8)
 *(.fini8)
 *(.fini7)
 *(.fini7)
 *(.fini6)
 *(.fini6)
 *(.fini5)
 *(.fini5)
 *(.fini4)
 *(.fini4)
 *(.fini3)
 *(.fini3)
 *(.fini2)
 *(.fini2)
 *(.fini1)
 *(.fini1)
 *(.fini0)
 .fini0         0x000005c8        0x4 c:/users/cwur1081/desktop/dane/mirek/moje/programy/atmel toolchain/avr8 gcc/native/3.4.1061/avr8-gnu-toolchain/bin/../lib/gcc/avr/4.8.1/avr5\libgcc.a(_exit.o)
 *(.fini0)
                0x000005cc                _etext = .

.data           0x00800060        0x8 load address 0x000005cc
                0x00800060                PROVIDE (__data_start, .)
 *(.data)
 *(.data*)
 *(.rodata)
 *(.rodata*)
 .rodata.str1.1
                0x00800060        0x7 User/Obrotomierz.o
 *(.gnu.linkonce.d*)
                0x00800068                . = ALIGN (0x2)
 *fill*         0x00800067        0x1 
                0x00800068                _edata = .
                0x00800068                PROVIDE (__data_end, .)

.bss            0x00800068        0x5
                0x00800068                PROVIDE (__bss_start, .)
 *(.bss)
 *(.bss*)
 .bss.IC_OVF_Counter
                0x00800068        0x1 Input Capture/Compute_RPM.o
                0x00800068                IC_OVF_Counter
 .bss.Timer_Value_Stop
                0x00800069        0x2 Input Capture/Compute_RPM.o
                0x00800069                Timer_Value_Stop
 .bss.RPM_Compute_req
                0x0080006b        0x1 User/Obrotomierz.o
                0x0080006b                RPM_Compute_req
 .bss.IC_Measure_req
                0x0080006c        0x1 User/Obrotomierz.o
                0x0080006c                IC_Measure_req
 *(COMMON)
                0x0080006d                PROVIDE (__bss_end, .)
                0x000005cc                __data_load_start = LOADADDR (.data)
                0x000005d4                __data_load_end = (__data_load_start + SIZEOF (.data))

.noinit         0x0080006d        0x0
                0x0080006d                PROVIDE (__noinit_start, .)
 *(.noinit*)
                0x0080006d                PROVIDE (__noinit_end, .)
                0x0080006d                _end = .
                0x0080006d                PROVIDE (__heap_start, .)

.eeprom         0x00810000        0x0
 *(.eeprom*)
                0x00810000                __eeprom_end = .

.fuse
 *(.fuse)
 *(.lfuse)
 *(.hfuse)
 *(.efuse)

.lock
 *(.lock*)

.signature
 *(.signature*)

.user_signatures
 *(.user_signatures*)

.stab
 *(.stab)

.stabstr
 *(.stabstr)

.stab.excl
 *(.stab.excl)

.stab.exclstr
 *(.stab.exclstr)

.stab.index
 *(.stab.index)

.stab.indexstr
 *(.stab.indexstr)

.comment        0x00000000       0x30
 *(.comment)
 .comment       0x00000000       0x30 DS18S20/temperature.o
                                 0x31 (size before relaxing)
 .comment       0x00000000       0x31 DS18S20/ds18S20.o
 .comment       0x00000000       0x31 Input Capture/Compute_RPM.o
 .comment       0x00000000       0x31 LCD/HD44780.o
 .comment       0x00000000       0x31 User/ISR.o
 .comment       0x00000000       0x31 User/Obrotomierz.o

.note.gnu.build-id
 *(.note.gnu.build-id)

.debug
 *(.debug)

.line
 *(.line)

.debug_srcinfo
 *(.debug_srcinfo)

.debug_sfnames
 *(.debug_sfnames)

.debug_aranges  0x00000000      0x1a8
 *(.debug_aranges)
 .debug_aranges
                0x00000000       0x28 DS18S20/temperature.o
 .debug_aranges
                0x00000028       0xa0 DS18S20/ds18S20.o
 .debug_aranges
                0x000000c8       0x30 Input Capture/Compute_RPM.o
 .debug_aranges
                0x000000f8       0x60 LCD/HD44780.o
 .debug_aranges
                0x00000158       0x30 User/ISR.o
 .debug_aranges
                0x00000188       0x20 User/Obrotomierz.o

.debug_pubnames
 *(.debug_pubnames)

.debug_info     0x00000000     0x190c
 *(.debug_info .gnu.linkonce.wi.*)
 .debug_info    0x00000000      0x26b DS18S20/temperature.o
 .debug_info    0x0000026b      0xca7 DS18S20/ds18S20.o
 .debug_info    0x00000f12      0x1ec Input Capture/Compute_RPM.o
 .debug_info    0x000010fe      0x508 LCD/HD44780.o
 .debug_info    0x00001606       0xf5 User/ISR.o
 .debug_info    0x000016fb      0x211 User/Obrotomierz.o

.debug_abbrev   0x00000000      0x7d4
 *(.debug_abbrev)
 .debug_abbrev  0x00000000      0x120 DS18S20/temperature.o
 .debug_abbrev  0x00000120      0x2a9 DS18S20/ds18S20.o
 .debug_abbrev  0x000003c9       0xfc Input Capture/Compute_RPM.o
 .debug_abbrev  0x000004c5      0x173 LCD/HD44780.o
 .debug_abbrev  0x00000638       0x62 User/ISR.o
 .debug_abbrev  0x0000069a      0x13a User/Obrotomierz.o

.debug_line     0x00000000      0xa3e
 *(.debug_line .debug_line.* .debug_line_end)
 .debug_line    0x00000000       0xee DS18S20/temperature.o
 .debug_line    0x000000ee      0x37a DS18S20/ds18S20.o
 .debug_line    0x00000468      0x10a Input Capture/Compute_RPM.o
 .debug_line    0x00000572      0x24d LCD/HD44780.o
 .debug_line    0x000007bf       0xe9 User/ISR.o
 .debug_line    0x000008a8      0x196 User/Obrotomierz.o

.debug_frame    0x00000000      0x3dc
 *(.debug_frame)
 .debug_frame   0x00000000       0x54 DS18S20/temperature.o
 .debug_frame   0x00000054      0x1ec DS18S20/ds18S20.o
 .debug_frame   0x00000240       0x44 Input Capture/Compute_RPM.o
 .debug_frame   0x00000284       0xc0 LCD/HD44780.o
 .debug_frame   0x00000344       0x74 User/ISR.o
 .debug_frame   0x000003b8       0x24 User/Obrotomierz.o

.debug_str      0x00000000      0x5c7
 *(.debug_str)
 .debug_str     0x00000000      0x235 DS18S20/temperature.o
                                0x286 (size before relaxing)
 .debug_str     0x00000235      0x19b DS18S20/ds18S20.o
                                0x40e (size before relaxing)
 .debug_str     0x000003d0       0xd7 Input Capture/Compute_RPM.o
                                0x256 (size before relaxing)
 .debug_str     0x000004a7       0xb0 LCD/HD44780.o
                                0x26e (size before relaxing)
 .debug_str     0x00000557       0x3f User/ISR.o
                                0x1dc (size before relaxing)
 .debug_str     0x00000596       0x31 User/Obrotomierz.o
                                0x24b (size before relaxing)

.debug_loc      0x00000000      0xeb4
 *(.debug_loc)
 .debug_loc     0x00000000       0x8e DS18S20/temperature.o
 .debug_loc     0x0000008e      0xad4 DS18S20/ds18S20.o
 .debug_loc     0x00000b62      0x105 Input Capture/Compute_RPM.o
 .debug_loc     0x00000c67      0x199 LCD/HD44780.o
 .debug_loc     0x00000e00       0xb4 User/ISR.o

.debug_macinfo
 *(.debug_macinfo)

.debug_weaknames
 *(.debug_weaknames)

.debug_funcnames
 *(.debug_funcnames)

.debug_typenames
 *(.debug_typenames)

.debug_varnames
 *(.debug_varnames)

.debug_pubtypes
 *(.debug_pubtypes)

.debug_ranges   0x00000000      0x148
 *(.debug_ranges)
 .debug_ranges  0x00000000       0x18 DS18S20/temperature.o
 .debug_ranges  0x00000018       0x90 DS18S20/ds18S20.o
 .debug_ranges  0x000000a8       0x20 Input Capture/Compute_RPM.o
 .debug_ranges  0x000000c8       0x50 LCD/HD44780.o
 .debug_ranges  0x00000118       0x20 User/ISR.o
 .debug_ranges  0x00000138       0x10 User/Obrotomierz.o

.debug_macro
 *(.debug_macro)
OUTPUT(Obrotomierz.elf elf32-avr)
LOAD linker stubs
